******************************************************************************
                  TI ARM Linker PC v20.2.5                     
******************************************************************************
>> Linked Fri Mar 27 15:54:20 2026

OUTPUT FILE NAME:   <lab2_team2.out>
ENTRY POINT SYMBOL: "_c_int00_noargs"  address: 00000945


MEMORY CONFIGURATION

         name            origin    length      used     unused   attr    fill
----------------------  --------  ---------  --------  --------  ----  --------
  MAIN                  00000000   00040000  000009d4  0003f62c  R  X
  INFO                  00200000   00004000  00000000  00004000  R  X
  SRAM_CODE             01000000   00010000  0000023c  0000fdc4  RW X
  SRAM_DATA             20000000   00010000  0000023c  0000fdc4  RW  


SEGMENT ALLOCATION MAP

run origin  load origin   length   init length attrs members
----------  ----------- ---------- ----------- ----- -------
00000000    00000000    000009d8   000009d8    r-x
  00000000    00000000    000000e4   000000e4    r-- .intvecs
  000000e4    000000e4    000008b8   000008b8    r-x .text
  000009a0    000009a0    00000038   00000038    r-- .cinit
20000000    20000000    0000003c   00000000    rw-
  20000000    20000000    0000003c   00000000    rw- .data
2000fe00    2000fe00    00000200   00000000    rw-
  2000fe00    2000fe00    00000200   00000000    rw- .stack


SECTION ALLOCATION MAP

 output                                  attributes/
section   page    origin      length       input sections
--------  ----  ----------  ----------   ----------------
.intvecs   0    00000000    000000e4     
                  00000000    000000e4     startup_msp432p401r_ccs.obj (.intvecs:retain)

.text      0    000000e4    000008b8     
                  000000e4    00000334     system_msp432p401r.obj (.text)
                  00000418    0000024c     led.obj (.text)
                  00000664    00000198     lab2_main.obj (.text)
                  000007fc    0000009c     rtsv7M4_T_le_v4SPD16_eabi.lib : memcpy_t2.asm.obj (.text)
                  00000898    00000068                                   : copy_decompress_lzss.c.obj (.text:decompress:lzss:__TI_decompress_lzss)
                  00000900    00000044                                   : autoinit.c.obj (.text:__TI_auto_init_nobinit_nopinit:__TI_auto_init_nobinit_nopinit)
                  00000944    00000034                                   : boot_cortex_m.c.obj (.text:_c_int00_noargs:_c_int00_noargs)
                  00000978    0000000e                                   : copy_decompress_none.c.obj (.text:decompress:none:__TI_decompress_none)
                  00000986    0000000e     startup_msp432p401r_ccs.obj (.text)
                  00000994    00000004     rtsv7M4_T_le_v4SPD16_eabi.lib : pre_init.c.obj (.text:_system_pre_init)
                  00000998    00000004                                   : exit.c.obj (.text:abort:abort)

.cinit     0    000009a0    00000038     
                  000009a0    00000028     (.cinit..data.load) [load image, compression = lzss]
                  000009c8    00000008     (__TI_handler_table)
                  000009d0    00000008     (__TI_cinit_table)

.init_array 
*          0    00000000    00000000     UNINITIALIZED

.binit     0    00000000    00000000     

.data      0    20000000    0000003c     UNINITIALIZED
                  20000000    00000038     led.obj (.data:_ledPinRefs)
                  20000038    00000004     system_msp432p401r.obj (.data)

.stack     0    2000fe00    00000200     UNINITIALIZED
                  2000fe00    00000004     rtsv7M4_T_le_v4SPD16_eabi.lib : boot_cortex_m.c.obj (.stack)
                  2000fe04    000001fc     --HOLE--

__llvm_prf_cnts 
*          0    20000000    00000000     UNINITIALIZED

MODULE SUMMARY

       Module                        code   ro data   rw data
       ------                        ----   -------   -------
    .\
       system_msp432p401r.obj        820    0         8      
       led.obj                       588    0         112    
       lab2_main.obj                 408    0         0      
    +--+-----------------------------+------+---------+---------+
       Total:                        1816   0         120    
                                                             
    .\ccs\
       startup_msp432p401r_ccs.obj   14     228       0      
    +--+-----------------------------+------+---------+---------+
       Total:                        14     228       0      
                                                             
    C:\ti\ccs1120\ccs\tools\compiler\ti-cgt-arm_20.2.5.LTS\lib\rtsv7M4_T_le_v4SPD16_eabi.lib
       memcpy_t2.asm.obj             156    0         0      
       copy_decompress_lzss.c.obj    104    0         0      
       autoinit.c.obj                68     0         0      
       boot_cortex_m.c.obj           52     0         0      
       copy_decompress_none.c.obj    14     0         0      
       exit.c.obj                    4      0         0      
       pre_init.c.obj                4      0         0      
    +--+-----------------------------+------+---------+---------+
       Total:                        402    0         0      
                                                             
       Stack:                        0      0         1024   
       Linker Generated:             0      56        0      
    +--+-----------------------------+------+---------+---------+
       Grand Total:                  2232   284       1144   


LINKER GENERATED COPY TABLES

__TI_cinit_table @ 000009d0 records: 1, size/record: 8, table size: 8
	.data: load addr=000009a0, load size=00000028 bytes, run addr=20000000, run size=0000003c bytes, compression=lzss


LINKER GENERATED HANDLER TABLE

__TI_handler_table @ 000009c8 records: 2, size/record: 4, table size: 8
	index: 0, handler: __TI_decompress_lzss
	index: 1, handler: __TI_decompress_none


GLOBAL SYMBOLS: SORTED ALPHABETICALLY BY Name 

address   name                          
-------   ----                          
00000993  ADC14_IRQHandler              
00000993  AES256_IRQHandler             
00000993  BusFault_Handler              
00000999  C$$EXIT                       
00000993  COMP_E0_IRQHandler            
00000993  COMP_E1_IRQHandler            
00000993  CS_IRQHandler                 
00000993  DMA_ERR_IRQHandler            
00000993  DMA_INT0_IRQHandler           
00000993  DMA_INT1_IRQHandler           
00000993  DMA_INT2_IRQHandler           
00000993  DMA_INT3_IRQHandler           
00000993  DebugMon_Handler              
00000993  Default_Handler               
00000993  EUSCIA0_IRQHandler            
00000993  EUSCIA1_IRQHandler            
00000993  EUSCIA2_IRQHandler            
00000993  EUSCIA3_IRQHandler            
00000993  EUSCIB0_IRQHandler            
00000993  EUSCIB1_IRQHandler            
00000993  EUSCIB2_IRQHandler            
00000993  EUSCIB3_IRQHandler            
00000993  FLCTL_IRQHandler              
00000993  FPU_IRQHandler                
00000993  HardFault_Handler             
00000993  MemManage_Handler             
00000993  NMI_Handler                   
00000993  PCM_IRQHandler                
00000993  PORT1_IRQHandler              
00000993  PORT2_IRQHandler              
00000993  PORT3_IRQHandler              
00000993  PORT4_IRQHandler              
00000993  PORT5_IRQHandler              
00000993  PORT6_IRQHandler              
00000993  PSS_IRQHandler                
00000993  PendSV_Handler                
00000993  RTC_C_IRQHandler              
00000987  Reset_Handler                 
00000993  SVC_Handler                   
00000993  SysTick_Handler               
20000038  SystemCoreClock               
000000e5  SystemCoreClockUpdate         
0000035d  SystemInit                    
00000993  T32_INT1_IRQHandler           
00000993  T32_INT2_IRQHandler           
00000993  T32_INTC_IRQHandler           
00000993  TA0_0_IRQHandler              
00000993  TA0_N_IRQHandler              
00000993  TA1_0_IRQHandler              
00000993  TA1_N_IRQHandler              
00000993  TA2_0_IRQHandler              
00000993  TA2_N_IRQHandler              
00000993  TA3_0_IRQHandler              
00000993  TA3_N_IRQHandler              
00000993  UsageFault_Handler            
4000480c  WDTCTL_SYM                    
00000993  WDT_A_IRQHandler              
20010000  __STACK_END                   
00000200  __STACK_SIZE                  
000009d0  __TI_CINIT_Base               
000009d8  __TI_CINIT_Limit              
000009c8  __TI_Handler_Table_Base       
000009d0  __TI_Handler_Table_Limit      
00000901  __TI_auto_init_nobinit_nopinit
00000899  __TI_decompress_lzss          
00000979  __TI_decompress_none          
ffffffff  __TI_pprof_out_hndl           
ffffffff  __TI_prof_data_size           
ffffffff  __TI_prof_data_start          
00000000  __TI_static_base__            
000007fd  __aeabi_memcpy                
000007fd  __aeabi_memcpy4               
000007fd  __aeabi_memcpy8               
ffffffff  __binit__                     
ffffffff  __c_args__                    
UNDEFED   __mpu_init                    
2000fe00  __stack                       
20000000  __start___llvm_prf_cnts       
20000000  __stop___llvm_prf_cnts        
00000945  _c_int00_noargs               
UNDEFED   _system_post_cinit            
00000995  _system_pre_init              
00000999  abort                         
ffffffff  binit                         
00000000  interruptVectors              
000005f5  ledGet                        
00000561  ledOff                        
000004fd  ledOn                         
000005c5  ledToggle                     
000004f9  ledsGetNum                    
000004cd  ledsInit                      
00000665  main                          
000007fd  memcpy                        


GLOBAL SYMBOLS: SORTED BY Symbol Address 

address   name                          
-------   ----                          
00000000  __TI_static_base__            
00000000  interruptVectors              
000000e5  SystemCoreClockUpdate         
00000200  __STACK_SIZE                  
0000035d  SystemInit                    
000004cd  ledsInit                      
000004f9  ledsGetNum                    
000004fd  ledOn                         
00000561  ledOff                        
000005c5  ledToggle                     
000005f5  ledGet                        
00000665  main                          
000007fd  __aeabi_memcpy                
000007fd  __aeabi_memcpy4               
000007fd  __aeabi_memcpy8               
000007fd  memcpy                        
00000899  __TI_decompress_lzss          
00000901  __TI_auto_init_nobinit_nopinit
00000945  _c_int00_noargs               
00000979  __TI_decompress_none          
00000987  Reset_Handler                 
00000993  ADC14_IRQHandler              
00000993  AES256_IRQHandler             
00000993  BusFault_Handler              
00000993  COMP_E0_IRQHandler            
00000993  COMP_E1_IRQHandler            
00000993  CS_IRQHandler                 
00000993  DMA_ERR_IRQHandler            
00000993  DMA_INT0_IRQHandler           
00000993  DMA_INT1_IRQHandler           
00000993  DMA_INT2_IRQHandler           
00000993  DMA_INT3_IRQHandler           
00000993  DebugMon_Handler              
00000993  Default_Handler               
00000993  EUSCIA0_IRQHandler            
00000993  EUSCIA1_IRQHandler            
00000993  EUSCIA2_IRQHandler            
00000993  EUSCIA3_IRQHandler            
00000993  EUSCIB0_IRQHandler            
00000993  EUSCIB1_IRQHandler            
00000993  EUSCIB2_IRQHandler            
00000993  EUSCIB3_IRQHandler            
00000993  FLCTL_IRQHandler              
00000993  FPU_IRQHandler                
00000993  HardFault_Handler             
00000993  MemManage_Handler             
00000993  NMI_Handler                   
00000993  PCM_IRQHandler                
00000993  PORT1_IRQHandler              
00000993  PORT2_IRQHandler              
00000993  PORT3_IRQHandler              
00000993  PORT4_IRQHandler              
00000993  PORT5_IRQHandler              
00000993  PORT6_IRQHandler              
00000993  PSS_IRQHandler                
00000993  PendSV_Handler                
00000993  RTC_C_IRQHandler              
00000993  SVC_Handler                   
00000993  SysTick_Handler               
00000993  T32_INT1_IRQHandler           
00000993  T32_INT2_IRQHandler           
00000993  T32_INTC_IRQHandler           
00000993  TA0_0_IRQHandler              
00000993  TA0_N_IRQHandler              
00000993  TA1_0_IRQHandler              
00000993  TA1_N_IRQHandler              
00000993  TA2_0_IRQHandler              
00000993  TA2_N_IRQHandler              
00000993  TA3_0_IRQHandler              
00000993  TA3_N_IRQHandler              
00000993  UsageFault_Handler            
00000993  WDT_A_IRQHandler              
00000995  _system_pre_init              
00000999  C$$EXIT                       
00000999  abort                         
000009c8  __TI_Handler_Table_Base       
000009d0  __TI_CINIT_Base               
000009d0  __TI_Handler_Table_Limit      
000009d8  __TI_CINIT_Limit              
20000000  __start___llvm_prf_cnts       
20000000  __stop___llvm_prf_cnts        
20000038  SystemCoreClock               
2000fe00  __stack                       
20010000  __STACK_END                   
4000480c  WDTCTL_SYM                    
ffffffff  __TI_pprof_out_hndl           
ffffffff  __TI_prof_data_size           
ffffffff  __TI_prof_data_start          
ffffffff  __binit__                     
ffffffff  __c_args__                    
ffffffff  binit                         
UNDEFED   __mpu_init                    
UNDEFED   _system_post_cinit            

[93 symbols]
