******************************************************************************
                  TI ARM Linker PC v20.2.5                     
******************************************************************************
>> Linked Sat Apr 18 19:32:19 2026

OUTPUT FILE NAME:   <lab6_team21.out>
ENTRY POINT SYMBOL: "_c_int00_noargs"  address: 000009b1


MEMORY CONFIGURATION

         name            origin    length      used     unused   attr    fill
----------------------  --------  ---------  --------  --------  ----  --------
  MAIN                  00000000   00040000  00000a90  0003f570  R  X
  INFO                  00200000   00004000  00000000  00004000  R  X
  SRAM_CODE             01000000   00010000  0000024c  0000fdb4  RW X
  SRAM_DATA             20000000   00010000  0000024c  0000fdb4  RW  


SEGMENT ALLOCATION MAP

run origin  load origin   length   init length attrs members
----------  ----------- ---------- ----------- ----- -------
00000000    00000000    00000a90   00000a90    r-x
  00000000    00000000    000000e4   000000e4    r-- .intvecs
  000000e4    000000e4    0000095c   0000095c    r-x .text
  00000a40    00000a40    00000050   00000050    r-- .cinit
20000000    20000000    00000050   00000000    rw-
  20000000    20000000    0000003c   00000000    rw- .data
  20000040    20000040    00000010   00000000    rw- .bss
2000fe00    2000fe00    00000200   00000000    rw-
  2000fe00    2000fe00    00000200   00000000    rw- .stack


SECTION ALLOCATION MAP

 output                                  attributes/
section   page    origin      length       input sections
--------  ----  ----------  ----------   ----------------
.intvecs   0    00000000    000000e4     
                  00000000    000000e4     startup_msp432p401r_ccs.obj (.intvecs:retain)

.text      0    000000e4    0000095c     
                  000000e4    00000334     system_msp432p401r.obj (.text)
                  00000418    0000024c     led.obj (.text)
                  00000664    00000100     stime.obj (.text)
                  00000764    000000a4     stick.obj (.text)
                  00000808    0000009c     rtsv7M4_T_le_v4SPD16_eabi.lib : memcpy_t2.asm.obj (.text)
                  000008a4    00000068                                   : copy_decompress_lzss.c.obj (.text:decompress:lzss:__TI_decompress_lzss)
                  0000090c    00000060     lab6.obj (.text)
                  0000096c    00000044     rtsv7M4_T_le_v4SPD16_eabi.lib : autoinit.c.obj (.text:__TI_auto_init_nobinit_nopinit:__TI_auto_init_nobinit_nopinit)
                  000009b0    00000034                                   : boot_cortex_m.c.obj (.text:_c_int00_noargs:_c_int00_noargs)
                  000009e4    0000001c                                   : copy_zero_init.c.obj (.text:decompress:ZI:__TI_zero_init_nomemset:__TI_zero_init_nomemset)
                  00000a00    00000010     msp432p4xx_driverlib.lib : interrupt.o (.text:Interrupt_enableMaster)
                  00000a10    0000000e     rtsv7M4_T_le_v4SPD16_eabi.lib : copy_decompress_none.c.obj (.text:decompress:none:__TI_decompress_none)
                  00000a1e    0000000e     startup_msp432p401r_ccs.obj (.text)
                  00000a2c    0000000c     msp432p4xx_driverlib.lib : cpu.o (.text:CPU_cpsie)
                  00000a38    00000004     rtsv7M4_T_le_v4SPD16_eabi.lib : pre_init.c.obj (.text:_system_pre_init)
                  00000a3c    00000004                                   : exit.c.obj (.text:abort:abort)

.cinit     0    00000a40    00000050     
                  00000a40    00000028     (.cinit..data.load) [load image, compression = lzss]
                  00000a68    0000000c     (__TI_handler_table)
                  00000a74    00000004     --HOLE-- [fill = 0]
                  00000a78    00000008     (.cinit..bss.load) [load image, compression = zero_init]
                  00000a80    00000010     (__TI_cinit_table)

.init_array 
*          0    00000000    00000000     UNINITIALIZED

.binit     0    00000000    00000000     

.data      0    20000000    0000003c     UNINITIALIZED
                  20000000    00000038     led.obj (.data:_ledPinRefs)
                  20000038    00000004     system_msp432p401r.obj (.data)

.bss       0    20000040    00000010     UNINITIALIZED
                  20000040    00000010     stime.obj (.bss)

.stack     0    2000fe00    00000200     UNINITIALIZED
                  2000fe00    00000004     rtsv7M4_T_le_v4SPD16_eabi.lib : boot_cortex_m.c.obj (.stack)
                  2000fe04    000001fc     --HOLE--

__llvm_prf_cnts 
*          0    20000000    00000000     UNINITIALIZED

MODULE SUMMARY

       Module                        code   ro data   rw data
       ------                        ----   -------   -------
    .\
       system_msp432p401r.obj        820    0         8      
       led.obj                       588    0         112    
       stime.obj                     256    0         32     
       stick.obj                     164    0         0      
       lab6.obj                      96     0         0      
    +--+-----------------------------+------+---------+---------+
       Total:                        1924   0         152    
                                                             
    .\ccs\
       startup_msp432p401r_ccs.obj   14     228       0      
    +--+-----------------------------+------+---------+---------+
       Total:                        14     228       0      
                                                             
    C:/ti/simplelink_msp432p4_sdk_3_40_01_02/source/ti/devices/msp432p4xx/driverlib/ccs/msp432p4xx_driverlib.lib
       interrupt.o                   16     0         0      
       cpu.o                         12     0         0      
    +--+-----------------------------+------+---------+---------+
       Total:                        28     0         0      
                                                             
    C:\ti\ccs1120\ccs\tools\compiler\ti-cgt-arm_20.2.5.LTS\lib\rtsv7M4_T_le_v4SPD16_eabi.lib
       memcpy_t2.asm.obj             156    0         0      
       copy_decompress_lzss.c.obj    104    0         0      
       autoinit.c.obj                68     0         0      
       boot_cortex_m.c.obj           52     0         0      
       copy_zero_init.c.obj          28     0         0      
       copy_decompress_none.c.obj    14     0         0      
       exit.c.obj                    4      0         0      
       pre_init.c.obj                4      0         0      
    +--+-----------------------------+------+---------+---------+
       Total:                        430    0         0      
                                                             
       Stack:                        0      0         1024   
       Linker Generated:             0      76        0      
    +--+-----------------------------+------+---------+---------+
       Grand Total:                  2396   304       1176   


LINKER GENERATED COPY TABLES

__TI_cinit_table @ 00000a80 records: 2, size/record: 8, table size: 16
	.data: load addr=00000a40, load size=00000028 bytes, run addr=20000000, run size=0000003c bytes, compression=lzss
	.bss: load addr=00000a78, load size=00000008 bytes, run addr=20000040, run size=00000010 bytes, compression=zero_init


LINKER GENERATED HANDLER TABLE

__TI_handler_table @ 00000a68 records: 3, size/record: 4, table size: 12
	index: 0, handler: __TI_decompress_lzss
	index: 1, handler: __TI_decompress_none
	index: 2, handler: __TI_zero_init


GLOBAL SYMBOLS: SORTED ALPHABETICALLY BY Name 

address   name                          
-------   ----                          
00000a2b  ADC14_IRQHandler              
00000a2b  AES256_IRQHandler             
00000a2b  BusFault_Handler              
00000a3d  C$$EXIT                       
00000a2b  COMP_E0_IRQHandler            
00000a2b  COMP_E1_IRQHandler            
00000a2d  CPU_cpsie                     
00000a2b  CS_IRQHandler                 
00000a2b  DMA_ERR_IRQHandler            
00000a2b  DMA_INT0_IRQHandler           
00000a2b  DMA_INT1_IRQHandler           
00000a2b  DMA_INT2_IRQHandler           
00000a2b  DMA_INT3_IRQHandler           
00000a2b  DebugMon_Handler              
00000a2b  Default_Handler               
00000a2b  EUSCIA0_IRQHandler            
00000a2b  EUSCIA1_IRQHandler            
00000a2b  EUSCIA2_IRQHandler            
00000a2b  EUSCIA3_IRQHandler            
00000a2b  EUSCIB0_IRQHandler            
00000a2b  EUSCIB1_IRQHandler            
00000a2b  EUSCIB2_IRQHandler            
00000a2b  EUSCIB3_IRQHandler            
00000a2b  FLCTL_IRQHandler              
00000a2b  FPU_IRQHandler                
00000a2b  HardFault_Handler             
00000a01  Interrupt_enableMaster        
00000a2b  MemManage_Handler             
00000a2b  NMI_Handler                   
00000a2b  PCM_IRQHandler                
00000a2b  PORT1_IRQHandler              
00000a2b  PORT2_IRQHandler              
00000a2b  PORT3_IRQHandler              
00000a2b  PORT4_IRQHandler              
00000a2b  PORT5_IRQHandler              
00000a2b  PORT6_IRQHandler              
00000a2b  PSS_IRQHandler                
00000a2b  PendSV_Handler                
00000a2b  RTC_C_IRQHandler              
00000a1f  Reset_Handler                 
00000a2b  SVC_Handler                   
00000765  SysTick_Handler               
00000765  SysTick_Handler               
20000038  SystemCoreClock               
000000e5  SystemCoreClockUpdate         
0000035d  SystemInit                    
00000a2b  T32_INT1_IRQHandler           
00000a2b  T32_INT2_IRQHandler           
00000a2b  T32_INTC_IRQHandler           
00000a2b  TA0_0_IRQHandler              
00000a2b  TA0_N_IRQHandler              
00000a2b  TA1_0_IRQHandler              
00000a2b  TA1_N_IRQHandler              
00000a2b  TA2_0_IRQHandler              
00000a2b  TA2_N_IRQHandler              
00000a2b  TA3_0_IRQHandler              
00000a2b  TA3_N_IRQHandler              
00000a2b  UsageFault_Handler            
4000480c  WDTCTL_SYM                    
00000a2b  WDT_A_IRQHandler              
20010000  __STACK_END                   
00000200  __STACK_SIZE                  
00000a80  __TI_CINIT_Base               
00000a90  __TI_CINIT_Limit              
00000a68  __TI_Handler_Table_Base       
00000a74  __TI_Handler_Table_Limit      
0000096d  __TI_auto_init_nobinit_nopinit
000008a5  __TI_decompress_lzss          
00000a11  __TI_decompress_none          
ffffffff  __TI_pprof_out_hndl           
ffffffff  __TI_prof_data_size           
ffffffff  __TI_prof_data_start          
00000000  __TI_static_base__            
000009e5  __TI_zero_init_nomemset       
00000809  __aeabi_memcpy                
00000809  __aeabi_memcpy4               
00000809  __aeabi_memcpy8               
ffffffff  __binit__                     
ffffffff  __c_args__                    
UNDEFED   __mpu_init                    
2000fe00  __stack                       
20000000  __start___llvm_prf_cnts       
20000000  __stop___llvm_prf_cnts        
000009b1  _c_int00_noargs               
UNDEFED   _system_post_cinit            
00000a39  _system_pre_init              
00000a3d  abort                         
ffffffff  binit                         
00000000  interruptVectors              
000005f5  ledGet                        
00000561  ledOff                        
000004fd  ledOn                         
000005c5  ledToggle                     
000004f9  ledsGetNum                    
000004cd  ledsInit                      
00000923  main                          
00000809  memcpy                        
00000665  stickCallback                 
000007e5  stickClearIntFlag             
000007a1  stickDisableInt               
00000795  stickEnableInt                
000007db  stickGetCount                 
000007cf  stickGetPeriod                
000007ad  stickIsIntEnabled             
000007f1  stickIsIntFlagActive          
0000078b  stickIsStarted                
000007b9  stickSetPeriod                
00000773  stickStart                    
0000077f  stickStop                     
0000090d  stimeCallback                 
000006e3  stimeElapsedMillis            
000006a9  stimeInit                     
0000073d  stimeTimedExecMillis          
00000701  stimeWaitMillis               


GLOBAL SYMBOLS: SORTED BY Symbol Address 

address   name                          
-------   ----                          
00000000  __TI_static_base__            
00000000  interruptVectors              
000000e5  SystemCoreClockUpdate         
00000200  __STACK_SIZE                  
0000035d  SystemInit                    
000004cd  ledsInit                      
000004f9  ledsGetNum                    
000004fd  ledOn                         
00000561  ledOff                        
000005c5  ledToggle                     
000005f5  ledGet                        
00000665  stickCallback                 
000006a9  stimeInit                     
000006e3  stimeElapsedMillis            
00000701  stimeWaitMillis               
0000073d  stimeTimedExecMillis          
00000765  SysTick_Handler               
00000765  SysTick_Handler               
00000773  stickStart                    
0000077f  stickStop                     
0000078b  stickIsStarted                
00000795  stickEnableInt                
000007a1  stickDisableInt               
000007ad  stickIsIntEnabled             
000007b9  stickSetPeriod                
000007cf  stickGetPeriod                
000007db  stickGetCount                 
000007e5  stickClearIntFlag             
000007f1  stickIsIntFlagActive          
00000809  __aeabi_memcpy                
00000809  __aeabi_memcpy4               
00000809  __aeabi_memcpy8               
00000809  memcpy                        
000008a5  __TI_decompress_lzss          
0000090d  stimeCallback                 
00000923  main                          
0000096d  __TI_auto_init_nobinit_nopinit
000009b1  _c_int00_noargs               
000009e5  __TI_zero_init_nomemset       
00000a01  Interrupt_enableMaster        
00000a11  __TI_decompress_none          
00000a1f  Reset_Handler                 
00000a2b  ADC14_IRQHandler              
00000a2b  AES256_IRQHandler             
00000a2b  BusFault_Handler              
00000a2b  COMP_E0_IRQHandler            
00000a2b  COMP_E1_IRQHandler            
00000a2b  CS_IRQHandler                 
00000a2b  DMA_ERR_IRQHandler            
00000a2b  DMA_INT0_IRQHandler           
00000a2b  DMA_INT1_IRQHandler           
00000a2b  DMA_INT2_IRQHandler           
00000a2b  DMA_INT3_IRQHandler           
00000a2b  DebugMon_Handler              
00000a2b  Default_Handler               
00000a2b  EUSCIA0_IRQHandler            
00000a2b  EUSCIA1_IRQHandler            
00000a2b  EUSCIA2_IRQHandler            
00000a2b  EUSCIA3_IRQHandler            
00000a2b  EUSCIB0_IRQHandler            
00000a2b  EUSCIB1_IRQHandler            
00000a2b  EUSCIB2_IRQHandler            
00000a2b  EUSCIB3_IRQHandler            
00000a2b  FLCTL_IRQHandler              
00000a2b  FPU_IRQHandler                
00000a2b  HardFault_Handler             
00000a2b  MemManage_Handler             
00000a2b  NMI_Handler                   
00000a2b  PCM_IRQHandler                
00000a2b  PORT1_IRQHandler              
00000a2b  PORT2_IRQHandler              
00000a2b  PORT3_IRQHandler              
00000a2b  PORT4_IRQHandler              
00000a2b  PORT5_IRQHandler              
00000a2b  PORT6_IRQHandler              
00000a2b  PSS_IRQHandler                
00000a2b  PendSV_Handler                
00000a2b  RTC_C_IRQHandler              
00000a2b  SVC_Handler                   
00000a2b  T32_INT1_IRQHandler           
00000a2b  T32_INT2_IRQHandler           
00000a2b  T32_INTC_IRQHandler           
00000a2b  TA0_0_IRQHandler              
00000a2b  TA0_N_IRQHandler              
00000a2b  TA1_0_IRQHandler              
00000a2b  TA1_N_IRQHandler              
00000a2b  TA2_0_IRQHandler              
00000a2b  TA2_N_IRQHandler              
00000a2b  TA3_0_IRQHandler              
00000a2b  TA3_N_IRQHandler              
00000a2b  UsageFault_Handler            
00000a2b  WDT_A_IRQHandler              
00000a2d  CPU_cpsie                     
00000a39  _system_pre_init              
00000a3d  C$$EXIT                       
00000a3d  abort                         
00000a68  __TI_Handler_Table_Base       
00000a74  __TI_Handler_Table_Limit      
00000a80  __TI_CINIT_Base               
00000a90  __TI_CINIT_Limit              
20000000  __start___llvm_prf_cnts       
20000000  __stop___llvm_prf_cnts        
20000038  SystemCoreClock               
2000fe00  __stack                       
20010000  __STACK_END                   
4000480c  WDTCTL_SYM                    
ffffffff  __TI_pprof_out_hndl           
ffffffff  __TI_prof_data_size           
ffffffff  __TI_prof_data_start          
ffffffff  __binit__                     
ffffffff  __c_args__                    
ffffffff  binit                         
UNDEFED   __mpu_init                    
UNDEFED   _system_post_cinit            

[114 symbols]
