******************************************************************************
                  TI ARM Linker PC v20.2.5                     
******************************************************************************
>> Linked Fri Mar 27 16:06:17 2026

OUTPUT FILE NAME:   <lab3_team2.out>
ENTRY POINT SYMBOL: "_c_int00_noargs"  address: 00000b5d


MEMORY CONFIGURATION

         name            origin    length      used     unused   attr    fill
----------------------  --------  ---------  --------  --------  ----  --------
  MAIN                  00000000   00040000  00000c08  0003f3f8  R  X
  INFO                  00200000   00004000  00000000  00004000  R  X
  SRAM_CODE             01000000   00010000  0000026c  0000fd94  RW X
  SRAM_DATA             20000000   00010000  0000026c  0000fd94  RW  


SEGMENT ALLOCATION MAP

run origin  load origin   length   init length attrs members
----------  ----------- ---------- ----------- ----- -------
00000000    00000000    00000c0c   00000c0c    r-x
  00000000    00000000    000000e4   000000e4    r-- .intvecs
  000000e4    000000e4    00000ad0   00000ad0    r-x .text
  00000bb8    00000bb8    00000054   00000054    r-- .cinit
20000000    20000000    0000006c   00000000    rw-
  20000000    20000000    0000006c   00000000    rw- .data
2000fe00    2000fe00    00000200   00000000    rw-
  2000fe00    2000fe00    00000200   00000000    rw- .stack


SECTION ALLOCATION MAP

 output                                  attributes/
section   page    origin      length       input sections
--------  ----  ----------  ----------   ----------------
.intvecs   0    00000000    000000e4     
                  00000000    000000e4     startup_msp432p401r_ccs.obj (.intvecs:retain)

.text      0    000000e4    00000ad0     
                  000000e4    00000334     system_msp432p401r.obj (.text)
                  00000418    000002f8     button.obj (.text)
                  00000710    0000024c     led.obj (.text)
                  0000095c    000000b8     lab3.obj (.text)
                  00000a14    0000009c     rtsv7M4_T_le_v4SPD16_eabi.lib : memcpy_t2.asm.obj (.text)
                  00000ab0    00000068                                   : copy_decompress_lzss.c.obj (.text:decompress:lzss:__TI_decompress_lzss)
                  00000b18    00000044                                   : autoinit.c.obj (.text:__TI_auto_init_nobinit_nopinit:__TI_auto_init_nobinit_nopinit)
                  00000b5c    00000034                                   : boot_cortex_m.c.obj (.text:_c_int00_noargs:_c_int00_noargs)
                  00000b90    0000000e                                   : copy_decompress_none.c.obj (.text:decompress:none:__TI_decompress_none)
                  00000b9e    0000000e     startup_msp432p401r_ccs.obj (.text)
                  00000bac    00000004     rtsv7M4_T_le_v4SPD16_eabi.lib : pre_init.c.obj (.text:_system_pre_init)
                  00000bb0    00000004                                   : exit.c.obj (.text:abort:abort)

.cinit     0    00000bb8    00000054     
                  00000bb8    00000042     (.cinit..data.load) [load image, compression = lzss]
                  00000bfa    00000002     --HOLE-- [fill = 0]
                  00000bfc    00000008     (__TI_handler_table)
                  00000c04    00000008     (__TI_cinit_table)

.init_array 
*          0    00000000    00000000     UNINITIALIZED

.binit     0    00000000    00000000     

.data      0    20000000    0000006c     UNINITIALIZED
                  20000000    00000038     led.obj (.data:_ledPinRefs)
                  20000038    00000030     button.obj (.data:_pinrefs)
                  20000068    00000004     system_msp432p401r.obj (.data)

.stack     0    2000fe00    00000200     UNINITIALIZED
                  2000fe00    00000004     rtsv7M4_T_le_v4SPD16_eabi.lib : boot_cortex_m.c.obj (.stack)
                  2000fe04    000001fc     --HOLE--

__llvm_prf_cnts 
*          0    20000000    00000000     UNINITIALIZED

MODULE SUMMARY

       Module                        code   ro data   rw data
       ------                        ----   -------   -------
    .\
       button.obj                    760    0         96     
       system_msp432p401r.obj        820    0         8      
       led.obj                       588    0         112    
       lab3.obj                      184    0         0      
    +--+-----------------------------+------+---------+---------+
       Total:                        2352   0         216    
                                                             
    .\ccs\
       startup_msp432p401r_ccs.obj   14     228       0      
    +--+-----------------------------+------+---------+---------+
       Total:                        14     228       0      
                                                             
    C:\ti\ccs1120\ccs\tools\compiler\ti-cgt-arm_20.2.5.LTS\lib\rtsv7M4_T_le_v4SPD16_eabi.lib
       memcpy_t2.asm.obj             156    0         0      
       copy_decompress_lzss.c.obj    104    0         0      
       autoinit.c.obj                68     0         0      
       boot_cortex_m.c.obj           52     0         0      
       copy_decompress_none.c.obj    14     0         0      
       exit.c.obj                    4      0         0      
       pre_init.c.obj                4      0         0      
    +--+-----------------------------+------+---------+---------+
       Total:                        402    0         0      
                                                             
       Stack:                        0      0         1024   
       Linker Generated:             0      82        0      
    +--+-----------------------------+------+---------+---------+
       Grand Total:                  2768   310       1240   


LINKER GENERATED COPY TABLES

__TI_cinit_table @ 00000c04 records: 1, size/record: 8, table size: 8
	.data: load addr=00000bb8, load size=00000042 bytes, run addr=20000000, run size=0000006c bytes, compression=lzss


LINKER GENERATED HANDLER TABLE

__TI_handler_table @ 00000bfc records: 2, size/record: 4, table size: 8
	index: 0, handler: __TI_decompress_lzss
	index: 1, handler: __TI_decompress_none


GLOBAL SYMBOLS: SORTED ALPHABETICALLY BY Name 

address   name                          
-------   ----                          
00000bab  ADC14_IRQHandler              
00000bab  AES256_IRQHandler             
00000bab  BusFault_Handler              
00000bb1  C$$EXIT                       
00000bab  COMP_E0_IRQHandler            
00000bab  COMP_E1_IRQHandler            
00000bab  CS_IRQHandler                 
00000bab  DMA_ERR_IRQHandler            
00000bab  DMA_INT0_IRQHandler           
00000bab  DMA_INT1_IRQHandler           
00000bab  DMA_INT2_IRQHandler           
00000bab  DMA_INT3_IRQHandler           
00000bab  DebugMon_Handler              
00000bab  Default_Handler               
00000bab  EUSCIA0_IRQHandler            
00000bab  EUSCIA1_IRQHandler            
00000bab  EUSCIA2_IRQHandler            
00000bab  EUSCIA3_IRQHandler            
00000bab  EUSCIB0_IRQHandler            
00000bab  EUSCIB1_IRQHandler            
00000bab  EUSCIB2_IRQHandler            
00000bab  EUSCIB3_IRQHandler            
00000bab  FLCTL_IRQHandler              
00000bab  FPU_IRQHandler                
00000bab  HardFault_Handler             
00000bab  MemManage_Handler             
00000bab  NMI_Handler                   
00000bab  PCM_IRQHandler                
00000bab  PORT1_IRQHandler              
00000bab  PORT2_IRQHandler              
00000bab  PORT3_IRQHandler              
00000bab  PORT4_IRQHandler              
00000bab  PORT5_IRQHandler              
00000bab  PORT6_IRQHandler              
00000bab  PSS_IRQHandler                
00000bab  PendSV_Handler                
00000bab  RTC_C_IRQHandler              
00000b9f  Reset_Handler                 
00000bab  SVC_Handler                   
00000bab  SysTick_Handler               
20000068  SystemCoreClock               
000000e5  SystemCoreClockUpdate         
0000035d  SystemInit                    
00000bab  T32_INT1_IRQHandler           
00000bab  T32_INT2_IRQHandler           
00000bab  T32_INTC_IRQHandler           
00000bab  TA0_0_IRQHandler              
00000bab  TA0_N_IRQHandler              
00000bab  TA1_0_IRQHandler              
00000bab  TA1_N_IRQHandler              
00000bab  TA2_0_IRQHandler              
00000bab  TA2_N_IRQHandler              
00000bab  TA3_0_IRQHandler              
00000bab  TA3_N_IRQHandler              
00000bab  UsageFault_Handler            
4000480c  WDTCTL_SYM                    
00000bab  WDT_A_IRQHandler              
20010000  __STACK_END                   
00000200  __STACK_SIZE                  
00000c04  __TI_CINIT_Base               
00000c0c  __TI_CINIT_Limit              
00000bfc  __TI_Handler_Table_Base       
00000c04  __TI_Handler_Table_Limit      
00000b19  __TI_auto_init_nobinit_nopinit
00000ab1  __TI_decompress_lzss          
00000b91  __TI_decompress_none          
ffffffff  __TI_pprof_out_hndl           
ffffffff  __TI_prof_data_size           
ffffffff  __TI_prof_data_start          
00000000  __TI_static_base__            
00000a15  __aeabi_memcpy                
00000a15  __aeabi_memcpy4               
00000a15  __aeabi_memcpy8               
ffffffff  __binit__                     
ffffffff  __c_args__                    
UNDEFED   __mpu_init                    
2000fe00  __stack                       
20000000  __start___llvm_prf_cnts       
20000000  __stop___llvm_prf_cnts        
00000b5d  _c_int00_noargs               
UNDEFED   _system_post_cinit            
00000bad  _system_pre_init              
00000bb1  abort                         
ffffffff  binit                         
00000629  buttonPressed                 
000005a3  buttonState                   
00000579  buttonsInit                   
00000000  interruptVectors              
000008ed  ledGet                        
00000859  ledOff                        
000007f5  ledOn                         
000008bd  ledToggle                     
000007f1  ledsGetNum                    
000007c5  ledsInit                      
0000095d  main                          
00000a15  memcpy                        


GLOBAL SYMBOLS: SORTED BY Symbol Address 

address   name                          
-------   ----                          
00000000  __TI_static_base__            
00000000  interruptVectors              
000000e5  SystemCoreClockUpdate         
00000200  __STACK_SIZE                  
0000035d  SystemInit                    
00000579  buttonsInit                   
000005a3  buttonState                   
00000629  buttonPressed                 
000007c5  ledsInit                      
000007f1  ledsGetNum                    
000007f5  ledOn                         
00000859  ledOff                        
000008bd  ledToggle                     
000008ed  ledGet                        
0000095d  main                          
00000a15  __aeabi_memcpy                
00000a15  __aeabi_memcpy4               
00000a15  __aeabi_memcpy8               
00000a15  memcpy                        
00000ab1  __TI_decompress_lzss          
00000b19  __TI_auto_init_nobinit_nopinit
00000b5d  _c_int00_noargs               
00000b91  __TI_decompress_none          
00000b9f  Reset_Handler                 
00000bab  ADC14_IRQHandler              
00000bab  AES256_IRQHandler             
00000bab  BusFault_Handler              
00000bab  COMP_E0_IRQHandler            
00000bab  COMP_E1_IRQHandler            
00000bab  CS_IRQHandler                 
00000bab  DMA_ERR_IRQHandler            
00000bab  DMA_INT0_IRQHandler           
00000bab  DMA_INT1_IRQHandler           
00000bab  DMA_INT2_IRQHandler           
00000bab  DMA_INT3_IRQHandler           
00000bab  DebugMon_Handler              
00000bab  Default_Handler               
00000bab  EUSCIA0_IRQHandler            
00000bab  EUSCIA1_IRQHandler            
00000bab  EUSCIA2_IRQHandler            
00000bab  EUSCIA3_IRQHandler            
00000bab  EUSCIB0_IRQHandler            
00000bab  EUSCIB1_IRQHandler            
00000bab  EUSCIB2_IRQHandler            
00000bab  EUSCIB3_IRQHandler            
00000bab  FLCTL_IRQHandler              
00000bab  FPU_IRQHandler                
00000bab  HardFault_Handler             
00000bab  MemManage_Handler             
00000bab  NMI_Handler                   
00000bab  PCM_IRQHandler                
00000bab  PORT1_IRQHandler              
00000bab  PORT2_IRQHandler              
00000bab  PORT3_IRQHandler              
00000bab  PORT4_IRQHandler              
00000bab  PORT5_IRQHandler              
00000bab  PORT6_IRQHandler              
00000bab  PSS_IRQHandler                
00000bab  PendSV_Handler                
00000bab  RTC_C_IRQHandler              
00000bab  SVC_Handler                   
00000bab  SysTick_Handler               
00000bab  T32_INT1_IRQHandler           
00000bab  T32_INT2_IRQHandler           
00000bab  T32_INTC_IRQHandler           
00000bab  TA0_0_IRQHandler              
00000bab  TA0_N_IRQHandler              
00000bab  TA1_0_IRQHandler              
00000bab  TA1_N_IRQHandler              
00000bab  TA2_0_IRQHandler              
00000bab  TA2_N_IRQHandler              
00000bab  TA3_0_IRQHandler              
00000bab  TA3_N_IRQHandler              
00000bab  UsageFault_Handler            
00000bab  WDT_A_IRQHandler              
00000bad  _system_pre_init              
00000bb1  C$$EXIT                       
00000bb1  abort                         
00000bfc  __TI_Handler_Table_Base       
00000c04  __TI_CINIT_Base               
00000c04  __TI_Handler_Table_Limit      
00000c0c  __TI_CINIT_Limit              
20000000  __start___llvm_prf_cnts       
20000000  __stop___llvm_prf_cnts        
20000068  SystemCoreClock               
2000fe00  __stack                       
20010000  __STACK_END                   
4000480c  WDTCTL_SYM                    
ffffffff  __TI_pprof_out_hndl           
ffffffff  __TI_prof_data_size           
ffffffff  __TI_prof_data_start          
ffffffff  __binit__                     
ffffffff  __c_args__                    
ffffffff  binit                         
UNDEFED   __mpu_init                    
UNDEFED   _system_post_cinit            

[96 symbols]
