******************************************************************************
                  TI ARM Linker PC v20.2.5                     
******************************************************************************
>> Linked Wed Apr  1 09:43:24 2026

OUTPUT FILE NAME:   <lab4_team2.out>
ENTRY POINT SYMBOL: "_c_int00_noargs"  address: 00000dcd


MEMORY CONFIGURATION

         name            origin    length      used     unused   attr    fill
----------------------  --------  ---------  --------  --------  ----  --------
  MAIN                  00000000   00040000  00000ea0  0003f160  R  X
  INFO                  00200000   00004000  00000000  00004000  R  X
  SRAM_CODE             01000000   00010000  0000026c  0000fd94  RW X
  SRAM_DATA             20000000   00010000  0000026c  0000fd94  RW  


SEGMENT ALLOCATION MAP

run origin  load origin   length   init length attrs members
----------  ----------- ---------- ----------- ----- -------
00000000    00000000    00000ea0   00000ea0    r-x
  00000000    00000000    000000e4   000000e4    r-- .intvecs
  000000e4    000000e4    00000d5c   00000d5c    r-x .text
  00000e40    00000e40    00000008   00000008    r-- .const
  00000e48    00000e48    00000058   00000058    r-- .cinit
20000000    20000000    0000006c   00000000    rw-
  20000000    20000000    0000006c   00000000    rw- .data
2000fe00    2000fe00    00000200   00000000    rw-
  2000fe00    2000fe00    00000200   00000000    rw- .stack


SECTION ALLOCATION MAP

 output                                  attributes/
section   page    origin      length       input sections
--------  ----  ----------  ----------   ----------------
.intvecs   0    00000000    000000e4     
                  00000000    000000e4     startup_msp432p401r_ccs.obj (.intvecs:retain)

.text      0    000000e4    00000d5c     
                  000000e4    000004e4     button.obj (.text)
                  000005c8    00000334     system_msp432p401r.obj (.text)
                  000008fc    0000024c     led.obj (.text)
                  00000b48    000000bc     lab4.obj (.text)
                  00000c04    0000009c     rtsv7M4_T_le_v4SPD16_eabi.lib : memcpy_t2.asm.obj (.text)
                  00000ca0    00000080     msp432p4xx_driverlib.lib : interrupt.o (.text:Interrupt_enableInterrupt)
                  00000d20    00000068     rtsv7M4_T_le_v4SPD16_eabi.lib : copy_decompress_lzss.c.obj (.text:decompress:lzss:__TI_decompress_lzss)
                  00000d88    00000044                                   : autoinit.c.obj (.text:__TI_auto_init_nobinit_nopinit:__TI_auto_init_nobinit_nopinit)
                  00000dcc    00000034                                   : boot_cortex_m.c.obj (.text:_c_int00_noargs:_c_int00_noargs)
                  00000e00    00000010     msp432p4xx_driverlib.lib : interrupt.o (.text:Interrupt_enableMaster)
                  00000e10    0000000e     rtsv7M4_T_le_v4SPD16_eabi.lib : copy_decompress_none.c.obj (.text:decompress:none:__TI_decompress_none)
                  00000e1e    0000000e     startup_msp432p401r_ccs.obj (.text)
                  00000e2c    0000000c     msp432p4xx_driverlib.lib : cpu.o (.text:CPU_cpsie)
                  00000e38    00000004     rtsv7M4_T_le_v4SPD16_eabi.lib : pre_init.c.obj (.text:_system_pre_init)
                  00000e3c    00000004                                   : exit.c.obj (.text:abort:abort)

.const     0    00000e40    00000008     
                  00000e40    00000008     msp432p4xx_driverlib.lib : interrupt.o (.const:g_pulEnRegs)

.cinit     0    00000e48    00000058     
                  00000e48    00000046     (.cinit..data.load) [load image, compression = lzss]
                  00000e8e    00000002     --HOLE-- [fill = 0]
                  00000e90    00000008     (__TI_handler_table)
                  00000e98    00000008     (__TI_cinit_table)

.init_array 
*          0    00000000    00000000     UNINITIALIZED

.binit     0    00000000    00000000     

.data      0    20000000    0000006c     UNINITIALIZED
                  20000000    00000038     led.obj (.data:_ledPinRefs)
                  20000038    00000030     button.obj (.data:_pinrefs)
                  20000068    00000004     system_msp432p401r.obj (.data)

.stack     0    2000fe00    00000200     UNINITIALIZED
                  2000fe00    00000004     rtsv7M4_T_le_v4SPD16_eabi.lib : boot_cortex_m.c.obj (.stack)
                  2000fe04    000001fc     --HOLE--

__llvm_prf_cnts 
*          0    20000000    00000000     UNINITIALIZED

MODULE SUMMARY

       Module                        code   ro data   rw data
       ------                        ----   -------   -------
    .\
       button.obj                    1252   0         96     
       system_msp432p401r.obj        820    0         8      
       led.obj                       588    0         112    
       lab4.obj                      188    0         0      
    +--+-----------------------------+------+---------+---------+
       Total:                        2848   0         216    
                                                             
    .\ccs\
       startup_msp432p401r_ccs.obj   14     228       0      
    +--+-----------------------------+------+---------+---------+
       Total:                        14     228       0      
                                                             
    C:/ti/simplelink_msp432p4_sdk_3_40_01_02/source/ti/devices/msp432p4xx/driverlib/ccs/msp432p4xx_driverlib.lib
       interrupt.o                   144    8         0      
       cpu.o                         12     0         0      
    +--+-----------------------------+------+---------+---------+
       Total:                        156    8         0      
                                                             
    C:\ti\ccs1120\ccs\tools\compiler\ti-cgt-arm_20.2.5.LTS\lib\rtsv7M4_T_le_v4SPD16_eabi.lib
       memcpy_t2.asm.obj             156    0         0      
       copy_decompress_lzss.c.obj    104    0         0      
       autoinit.c.obj                68     0         0      
       boot_cortex_m.c.obj           52     0         0      
       copy_decompress_none.c.obj    14     0         0      
       exit.c.obj                    4      0         0      
       pre_init.c.obj                4      0         0      
    +--+-----------------------------+------+---------+---------+
       Total:                        402    0         0      
                                                             
       Stack:                        0      0         1024   
       Linker Generated:             0      86        0      
    +--+-----------------------------+------+---------+---------+
       Grand Total:                  3420   322       1240   


LINKER GENERATED COPY TABLES

__TI_cinit_table @ 00000e98 records: 1, size/record: 8, table size: 8
	.data: load addr=00000e48, load size=00000046 bytes, run addr=20000000, run size=0000006c bytes, compression=lzss


LINKER GENERATED HANDLER TABLE

__TI_handler_table @ 00000e90 records: 2, size/record: 4, table size: 8
	index: 0, handler: __TI_decompress_lzss
	index: 1, handler: __TI_decompress_none


GLOBAL SYMBOLS: SORTED ALPHABETICALLY BY Name 

address   name                          
-------   ----                          
00000e2b  ADC14_IRQHandler              
00000e2b  AES256_IRQHandler             
00000e2b  BusFault_Handler              
00000e3d  C$$EXIT                       
00000e2b  COMP_E0_IRQHandler            
00000e2b  COMP_E1_IRQHandler            
00000e2d  CPU_cpsie                     
00000e2b  CS_IRQHandler                 
00000e2b  DMA_ERR_IRQHandler            
00000e2b  DMA_INT0_IRQHandler           
00000e2b  DMA_INT1_IRQHandler           
00000e2b  DMA_INT2_IRQHandler           
00000e2b  DMA_INT3_IRQHandler           
00000e2b  DebugMon_Handler              
00000e2b  Default_Handler               
00000e2b  EUSCIA0_IRQHandler            
00000e2b  EUSCIA1_IRQHandler            
00000e2b  EUSCIA2_IRQHandler            
00000e2b  EUSCIA3_IRQHandler            
00000e2b  EUSCIB0_IRQHandler            
00000e2b  EUSCIB1_IRQHandler            
00000e2b  EUSCIB2_IRQHandler            
00000e2b  EUSCIB3_IRQHandler            
00000e2b  FLCTL_IRQHandler              
00000e2b  FPU_IRQHandler                
00000e2b  HardFault_Handler             
00000ca1  Interrupt_enableInterrupt     
00000e01  Interrupt_enableMaster        
00000e2b  MemManage_Handler             
00000e2b  NMI_Handler                   
00000e2b  PCM_IRQHandler                
00000303  PORT1_IRQHandler              
00000303  PORT1_IRQHandler              
0000032b  PORT2_IRQHandler              
0000032b  PORT2_IRQHandler              
00000353  PORT3_IRQHandler              
00000353  PORT3_IRQHandler              
0000037b  PORT4_IRQHandler              
0000037b  PORT4_IRQHandler              
000003a3  PORT5_IRQHandler              
000003a3  PORT5_IRQHandler              
000003cb  PORT6_IRQHandler              
000003cb  PORT6_IRQHandler              
00000e2b  PSS_IRQHandler                
00000e2b  PendSV_Handler                
00000e2b  RTC_C_IRQHandler              
00000e1f  Reset_Handler                 
00000e2b  SVC_Handler                   
00000e2b  SysTick_Handler               
20000068  SystemCoreClock               
000005c9  SystemCoreClockUpdate         
00000841  SystemInit                    
00000e2b  T32_INT1_IRQHandler           
00000e2b  T32_INT2_IRQHandler           
00000e2b  T32_INTC_IRQHandler           
00000e2b  TA0_0_IRQHandler              
00000e2b  TA0_N_IRQHandler              
00000e2b  TA1_0_IRQHandler              
00000e2b  TA1_N_IRQHandler              
00000e2b  TA2_0_IRQHandler              
00000e2b  TA2_N_IRQHandler              
00000e2b  TA3_0_IRQHandler              
00000e2b  TA3_N_IRQHandler              
00000e2b  UsageFault_Handler            
4000480c  WDTCTL_SYM                    
00000e2b  WDT_A_IRQHandler              
20010000  __STACK_END                   
00000200  __STACK_SIZE                  
00000e98  __TI_CINIT_Base               
00000ea0  __TI_CINIT_Limit              
00000e90  __TI_Handler_Table_Base       
00000e98  __TI_Handler_Table_Limit      
00000d89  __TI_auto_init_nobinit_nopinit
00000d21  __TI_decompress_lzss          
00000e11  __TI_decompress_none          
ffffffff  __TI_pprof_out_hndl           
ffffffff  __TI_prof_data_size           
ffffffff  __TI_prof_data_start          
00000000  __TI_static_base__            
00000c05  __aeabi_memcpy                
00000c05  __aeabi_memcpy4               
00000c05  __aeabi_memcpy8               
ffffffff  __binit__                     
ffffffff  __c_args__                    
UNDEFED   __mpu_init                    
2000fe00  __stack                       
20000000  __start___llvm_prf_cnts       
20000000  __stop___llvm_prf_cnts        
00000dcd  _c_int00_noargs               
UNDEFED   _system_post_cinit            
00000e39  _system_pre_init              
00000e3d  abort                         
ffffffff  binit                         
00000b49  buttonCallback                
000004a3  buttonPressed                 
0000041d  buttonState                   
000003f3  buttonsInit                   
00000000  interruptVectors              
00000ad9  ledGet                        
00000a45  ledOff                        
000009e1  ledOn                         
00000aa9  ledToggle                     
000009dd  ledsGetNum                    
000009b1  ledsInit                      
00000b6f  main                          
00000c05  memcpy                        


GLOBAL SYMBOLS: SORTED BY Symbol Address 

address   name                          
-------   ----                          
00000000  __TI_static_base__            
00000000  interruptVectors              
00000200  __STACK_SIZE                  
00000303  PORT1_IRQHandler              
00000303  PORT1_IRQHandler              
0000032b  PORT2_IRQHandler              
0000032b  PORT2_IRQHandler              
00000353  PORT3_IRQHandler              
00000353  PORT3_IRQHandler              
0000037b  PORT4_IRQHandler              
0000037b  PORT4_IRQHandler              
000003a3  PORT5_IRQHandler              
000003a3  PORT5_IRQHandler              
000003cb  PORT6_IRQHandler              
000003cb  PORT6_IRQHandler              
000003f3  buttonsInit                   
0000041d  buttonState                   
000004a3  buttonPressed                 
000005c9  SystemCoreClockUpdate         
00000841  SystemInit                    
000009b1  ledsInit                      
000009dd  ledsGetNum                    
000009e1  ledOn                         
00000a45  ledOff                        
00000aa9  ledToggle                     
00000ad9  ledGet                        
00000b49  buttonCallback                
00000b6f  main                          
00000c05  __aeabi_memcpy                
00000c05  __aeabi_memcpy4               
00000c05  __aeabi_memcpy8               
00000c05  memcpy                        
00000ca1  Interrupt_enableInterrupt     
00000d21  __TI_decompress_lzss          
00000d89  __TI_auto_init_nobinit_nopinit
00000dcd  _c_int00_noargs               
00000e01  Interrupt_enableMaster        
00000e11  __TI_decompress_none          
00000e1f  Reset_Handler                 
00000e2b  ADC14_IRQHandler              
00000e2b  AES256_IRQHandler             
00000e2b  BusFault_Handler              
00000e2b  COMP_E0_IRQHandler            
00000e2b  COMP_E1_IRQHandler            
00000e2b  CS_IRQHandler                 
00000e2b  DMA_ERR_IRQHandler            
00000e2b  DMA_INT0_IRQHandler           
00000e2b  DMA_INT1_IRQHandler           
00000e2b  DMA_INT2_IRQHandler           
00000e2b  DMA_INT3_IRQHandler           
00000e2b  DebugMon_Handler              
00000e2b  Default_Handler               
00000e2b  EUSCIA0_IRQHandler            
00000e2b  EUSCIA1_IRQHandler            
00000e2b  EUSCIA2_IRQHandler            
00000e2b  EUSCIA3_IRQHandler            
00000e2b  EUSCIB0_IRQHandler            
00000e2b  EUSCIB1_IRQHandler            
00000e2b  EUSCIB2_IRQHandler            
00000e2b  EUSCIB3_IRQHandler            
00000e2b  FLCTL_IRQHandler              
00000e2b  FPU_IRQHandler                
00000e2b  HardFault_Handler             
00000e2b  MemManage_Handler             
00000e2b  NMI_Handler                   
00000e2b  PCM_IRQHandler                
00000e2b  PSS_IRQHandler                
00000e2b  PendSV_Handler                
00000e2b  RTC_C_IRQHandler              
00000e2b  SVC_Handler                   
00000e2b  SysTick_Handler               
00000e2b  T32_INT1_IRQHandler           
00000e2b  T32_INT2_IRQHandler           
00000e2b  T32_INTC_IRQHandler           
00000e2b  TA0_0_IRQHandler              
00000e2b  TA0_N_IRQHandler              
00000e2b  TA1_0_IRQHandler              
00000e2b  TA1_N_IRQHandler              
00000e2b  TA2_0_IRQHandler              
00000e2b  TA2_N_IRQHandler              
00000e2b  TA3_0_IRQHandler              
00000e2b  TA3_N_IRQHandler              
00000e2b  UsageFault_Handler            
00000e2b  WDT_A_IRQHandler              
00000e2d  CPU_cpsie                     
00000e39  _system_pre_init              
00000e3d  C$$EXIT                       
00000e3d  abort                         
00000e90  __TI_Handler_Table_Base       
00000e98  __TI_CINIT_Base               
00000e98  __TI_Handler_Table_Limit      
00000ea0  __TI_CINIT_Limit              
20000000  __start___llvm_prf_cnts       
20000000  __stop___llvm_prf_cnts        
20000068  SystemCoreClock               
2000fe00  __stack                       
20010000  __STACK_END                   
4000480c  WDTCTL_SYM                    
ffffffff  __TI_pprof_out_hndl           
ffffffff  __TI_prof_data_size           
ffffffff  __TI_prof_data_start          
ffffffff  __binit__                     
ffffffff  __c_args__                    
ffffffff  binit                         
UNDEFED   __mpu_init                    
UNDEFED   _system_post_cinit            

[106 symbols]
